// Jest Snapshot v1, https://goo.gl/fbAQLP

exports[`matches snapshot 1`] = `
<DocumentFragment>
  <div>
    <h3>
      Boxes!
    </h3>
    <form>
      <label
        for="width"
      >
        width
      </label>
      <input
        id="width"
        name="width"
        type="text"
        value=""
      />
      <label
        for="height"
      >
        height
      </label>
      <input
        id="height"
        name="height"
        type="text"
        value=""
      />
      <label
        for="color"
      >
        color
      </label>
      <input
        id="color"
        name="backgroundColor"
        type="text"
        value=""
      />
      <button>
        Add a box!
      </button>
    </form>
    <div />
  </div>
</DocumentFragment>
`;
